Microchip MPLAB XC8 Compiler V2.32

Linker command line:

-W-3 --edf=C:\Program Files\Microchip\xc8\v2.32\pic\dat\en_msgs.txt -cn \
  -h+dist/default/production\NTC.X.production.sym \
  --cmf=dist/default/production\NTC.X.production.cmf -z -Q18F27Q10 \
  -oC:\Users\Gentiana\AppData\Local\Temp\xcAsf4s.4 --defsym=__MPLAB_BUILD=1 \
  -Mdist/default/production/NTC.X.production.map -E1 -ver=XC8 Compiler \
  --acfsm=1493 -ASTACK=0D1h-0E1Eh -pstack=STACK -ACODE=00h-01FFFFh \
  -ACONST=00h-01FFFFh -ASMALLCONST=0F00h-0FFFhx497 \
  -AMEDIUMCONST=0F00h-0FFFFh,010F00h-01FFFFh -ACOMRAM=01h-05Fh \
  -AABS1=00h-0E1Eh -ABIGRAM=01h-0E1Eh \
  -ARAM=060h-0FFh,0100h-01FFhx13,0E00h-0E1Eh -ABANK0=060h-0FFh \
  -ABANK1=0100h-01FFh -ABANK2=0200h-02FFh -ABANK3=0300h-03FFh \
  -ABANK4=0400h-04FFh -ABANK5=0500h-05FFh -ABANK6=0600h-06FFh \
  -ABANK7=0700h-07FFh -ABANK8=0800h-08FFh -ABANK9=0900h-09FFh \
  -ABANK10=0A00h-0AFFh -ABANK11=0B00h-0BFFh -ABANK12=0C00h-0CFFh \
  -ABANK13=0D00h-0DFFh -ABANK14=0E00h-0E1Eh \
  -ASFR=0E1Fh-0EFFh,0F00h-0F5Fh,0F60h-0FFFh -ACONFIG=0300000h-030000Bh \
  -AIDLOC=0200000h-02000FFh -AEEDATA=0310000h-03103FFh -peeprom_data=EEDATA \
  -preset_vec=00h,intcode=08h,intcodelo,powerup,init -pramtop=0F00h \
  -psmallconst=SMALLCONST -pmediumconst=MEDIUMCONST -pconst=CONST \
  -AFARRAM=00h-00h \
  -prdata=COMRAM,nvrram=COMRAM,nvbit=COMRAM,rbss=COMRAM,rbit=COMRAM \
  -pfarbss=FARRAM,fardata=FARRAM,nvFARRAM=FARRAM \
  -pintsave_regs=BIGRAM,bigbss=BIGRAM,bigdata=BIGRAM -pbss=RAM \
  -pidata=CODE,irdata=CODE,ibigdata=CODE,ifardata=CODE -prparam=COMRAM \
  C:\Users\Gentiana\AppData\Local\Temp\xcAsf4s.o \
  dist/default/production\NTC.X.production.o 

Object code version is 3.11

Machine type is 18F27Q10



                Name                               Link     Load   Length Selector   Space Scale
C:\Users\Gentiana\AppData\Local\Temp\xcAsf4s.o
                idloc                            200000   200000      100        0       5
                config                           300000   300000        C        0       4
                init                                 64       64        4        4       0
                reset_vec                             0        0        4        0       0
dist/default/production\NTC.X.production.o
                intcode                               8        8       5C        4       0
                idloc                            200000   200000      100        0       5
                config                           300000   300000        C        0       4
                temp                                 4B       4B        1        1       1
                smallconst                          F00      F00       1E      780       0
                text30                             306C     306C       A4      78F       0
                text29                             319A     319A       88      78F       0
                text28                             33E0     33E0       6A      78F       0
                text27                             1E96     1E96      2B4      78F       0
                text26                             3534     3534       38      78F       0
                text25                             344A     344A       52      78F       0
                text24                             23FC     23FC      1D8      78F       0
                text23                             291C     291C      176      78F       0
                text22                             2A92     2A92      124      78F       0
                text21                             358E     358E       16      78F       0
                text19                             2FC6     2FC6       A6      78F       0
                text18                             3110     3110       8A      78F       0
                text17                             3374     3374       6C      78F       0
                text16                             3298     3298       70      78F       0
                text15                             278C     278C      190      78F       0
                text14                             3222     3222       76      78F       0
                text13                             2F1C     2F1C       AA      78F       0
                text12                             3308     3308       6C      78F       0
                text11                             1BA8     1BA8      2EE      78F       0
                text10                             34E8     34E8       4C      78F       0
                text9                              349C     349C       4C      78F       0
                text8                              2CBE     2CBE      106      78F       0
                text7                               F1E      F1E      4C2      78F       0
                text6                              180C     180C      39C      78F       0
                text5                              13E0     13E0      42C      78F       0
                text4                              2BB6     2BB6      108      78F       0
                text3                              25D4     25D4      1B8      78F       0
                text2                              2E72     2E72       AA      78F       0
                text1                              2DC4     2DC4       AE      78F       0
                text0                              214A     214A      2B2      78F       0
                cstackCOMRAM                          1        1       3D        1       1
                cstackBANK0                          60       60       5E       60       1
                bssBANK0                             BE       BE       13       60       1
                bssCOMRAM                            3E       3E        D        1       1
                cinit                              356C     356C       22      78F       0

TOTAL           Name                               Link     Load   Length     Space
        CLASS   STACK          

        CLASS   CODE           
                intcode                               8        8       5C         0
                init                                 64       64        4         0
                reset_vec                             0        0        4         0
                text30                             306C     306C       A4         0
                text29                             319A     319A       88         0
                text28                             33E0     33E0       6A         0
                text27                             1E96     1E96      2B4         0
                text26                             3534     3534       38         0
                text25                             344A     344A       52         0
                text24                             23FC     23FC      1D8         0
                text23                             291C     291C      176         0
                text22                             2A92     2A92      124         0
                text21                             358E     358E       16         0
                text19                             2FC6     2FC6       A6         0
                text18                             3110     3110       8A         0
                text17                             3374     3374       6C         0
                text16                             3298     3298       70         0
                text15                             278C     278C      190         0
                text14                             3222     3222       76         0
                text13                             2F1C     2F1C       AA         0
                text12                             3308     3308       6C         0
                text11                             1BA8     1BA8      2EE         0
                text10                             34E8     34E8       4C         0
                text9                              349C     349C       4C         0
                text8                              2CBE     2CBE      106         0
                text7                               F1E      F1E      4C2         0
                text6                              180C     180C      39C         0
                text5                              13E0     13E0      42C         0
                text4                              2BB6     2BB6      108         0
                text3                              25D4     25D4      1B8         0
                text2                              2E72     2E72       AA         0
                text1                              2DC4     2DC4       AE         0
                text0                              214A     214A      2B2         0
                cinit                              356C     356C       22         0

        CLASS   CONST          

        CLASS   SMALLCONST     
                smallconst                          F00      F00       1E         0

        CLASS   MEDIUMCONST    

        CLASS   COMRAM         
                temp                                 4B       4B        1         1
                cstackCOMRAM                          1        1       3D         1
                bssCOMRAM                            3E       3E        D         1

        CLASS   ABS1           

        CLASS   BIGRAM         

        CLASS   RAM            

        CLASS   BANK0          
                cstackBANK0                          60       60       5E         1
                bssBANK0                             BE       BE       13         1

        CLASS   BANK1          

        CLASS   BANK2          

        CLASS   BANK3          

        CLASS   BANK4          

        CLASS   BANK5          

        CLASS   BANK6          

        CLASS   BANK7          

        CLASS   BANK8          

        CLASS   BANK9          

        CLASS   BANK10         

        CLASS   BANK11         

        CLASS   BANK12         

        CLASS   BANK13         

        CLASS   BANK14         

        CLASS   SFR            

        CLASS   CONFIG         
                config                           300000   300000        C         4

        CLASS   IDLOC          
                idloc                            200000   200000      100         5

        CLASS   EEDATA         

        CLASS   FARRAM         



SEGMENTS        Name                           Load    Length   Top    Selector   Space  Class

                reset_vec                      000000  000004  000004         0       0  CODE    
                cstackCOMRAM                   000001  00004B  00004C         1       1  COMRAM  
                intcode                        000008  000060  000068         4       0  CODE    
                cstackBANK0                    000060  000071  0000D1        60       1  BANK0   
                smallconst                     000F00  00001E  000F1E       780       0  SMALLCON
                text7                          000F1E  002686  0035A4       78F       0  CODE    


UNUSED ADDRESS RANGES

        Name                Unused          Largest block    Delta
        BANK0            0000D1-0000FF               2F
        BANK1            000100-0001FF              100
        BANK10           000A00-000AFF              100
        BANK11           000B00-000BFF              100
        BANK12           000C00-000CFF              100
        BANK13           000D00-000DFF              100
        BANK14           000E00-000E1E               1F
        BANK2            000200-0002FF              100
        BANK3            000300-0003FF              100
        BANK4            000400-0004FF              100
        BANK5            000500-0005FF              100
        BANK6            000600-0006FF              100
        BANK7            000700-0007FF              100
        BANK8            000800-0008FF              100
        BANK9            000900-0009FF              100
        BIGRAM           00004C-00005F               14
                         0000D1-000E1E              D4E
        CODE             000004-000007                4
                         000068-000EFF              E98
                         0035A4-01FFFF            1CA5C
        COMRAM           00004C-00005F               14
        CONST            000004-000007                4
                         000068-000EFF              E98
                         0035A4-01FFFF            1CA5C
        EEDATA           310000-3103FF              400
        MEDIUMCONST      0035A4-00FFFF             CA5C
                         010F00-01FFFF             F100
        RAM              0000D1-000E1E              100
        SFR              000E1F-000FFF               E1
        SMALLCONST       0035A4-01FFFF              100
        STACK            0000D1-000E1E              D4E

                                  Symbol Table

?_Convert_data            cstackCOMRAM 000021
?_DGM_Effect              cstackBANK0  000076
?___fladd                 cstackBANK0  0000A0
?___fldiv                 cstackBANK0  000087
?___flmul                 cstackBANK0  00006E
?___fltol                 cstackBANK0  0000B0
?___lldiv                 cstackBANK0  000060
?___llmod                 cstackBANK0  00006D
?___lmul                  cstackBANK0  000060
?___xxtofl                cstackBANK0  000060
?_atol                    cstackCOMRAM 00000D
?_isdigit                 cstackCOMRAM 000001
?_isspace                 cstackCOMRAM 000001
?_rand                    cstackBANK0  00006C
?i2___lldiv               cstackCOMRAM 000001
?i2___llmod               cstackCOMRAM 00000E
?i2___lmul                cstackCOMRAM 000001
Convert_data@data         cstackCOMRAM 000021
Convert_data@hour         cstackCOMRAM 000031
Convert_data@min          cstackCOMRAM 000035
Convert_data@sec          cstackCOMRAM 00002D
DGM_Effect@data           cstackBANK0  000083
DGM_Effect@factor         smallconst   000F01
DGM_Effect@time           cstackBANK0  000076
DGM_Effect@val            cstackBANK0  00007A
Duty_Control@led          bssBANK0     0000C8
Duty_Control@ntc          bssBANK0     0000C6
Duty_Control@ntc_limit    cstackBANK0  000065
IC595_Write@data          cstackBANK0  000060
IC595_Write@i             cstackBANK0  000067
NTC_Write@buff            cstackBANK0  00008F
NTC_Write@data            cstackBANK0  000087
NTC_Write@temp            cstackBANK0  000095
RTC_Read@cnt              bssCOMRAM    00003E
RTC_Read@data             cstackCOMRAM 00003B
RTC_Read@str              bssCOMRAM    000041
Set_PWM_Duty@ch           cstackBANK0  000064
Set_PWM_Duty@duty         cstackBANK0  000060
T0_int2@cnt               bssBANK0     0000C2
T0_int2@flag              bssBANK0     0000CA
T0_int2@val               cstackBANK0  000060
T0_int@cnt                bssBANK0     0000C4
T0_int@flag               bssBANK0     0000CB
T0_int@val                cstackBANK0  000060
UART_Init@baud            cstackBANK0  0000BA
_ANSELA                   (abs)        000F0C
_ANSELB                   (abs)        000F14
_ANSELC                   (abs)        000F1C
_CCPTMRSbits              (abs)        000FAD
_Convert_data             text27       001E96
_DGM_Effect               text15       00278C
_DGM_Effect$1004          cstackBANK0  00007F
_Duty_Control             text13       002F1C
_IC595_Write              text12       003308
_INTCONbits               (abs)        000FF2
_LATC1                    (abs)        007C21
_LATC2                    (abs)        007C22
_LATC3                    (abs)        007C23
_LATC5                    (abs)        007C25
_NTC_Write                text11       001BA8
_OSCCON1                  (abs)        000ED3
_OSCFRQ                   (abs)        000ED9
_PEIE                     (abs)        007F96
_PPSLOCK                  (abs)        000E9B
_PWM3CON                  (abs)        000FA4
_PWM3DCH                  (abs)        000FA3
_PWM3DCL                  (abs)        000FA2
_PWM4CON                  (abs)        000FA1
_PWM4DCH                  (abs)        000FA0
_PWM4DCL                  (abs)        000F9F
_RC1STAbits               (abs)        000F9C
_RC4PPS                   (abs)        000EF6
_RC6                      (abs)        007C76
_RC7PPS                   (abs)        000EF9
_RCIE                     (abs)        007605
_RCIF                     (abs)        007645
_RCREG                    (abs)        000F98
_RCSTA                    (abs)        000F9C
_RTC_Read                 text22       002A92
_RX1PPS                   (abs)        000EB0
_SPBRG                    (abs)        000F9A
_Set_PWM_Duty             text14       003222
_T0CON0                   (abs)        000FD4
_T0CON1                   (abs)        000FD5
_T0_int                   text10       0034E8
_T0_int2                  text9        00349C
_T2CLKCON                 (abs)        000FBE
_T2CON                    (abs)        000FBC
_T2PR                     (abs)        000FBB
_TMR0H                    (abs)        000FD3
_TMR0IE                   (abs)        0075ED
_TMR0IF                   (abs)        00762D
_TMR0L                    (abs)        000FD2
_TRISA                    (abs)        000F87
_TRISB                    (abs)        000F88
_TRISC                    (abs)        000F89
_TX1STAbits               (abs)        000F9D
_TXREG                    (abs)        000F99
_TXSTA                    (abs)        000F9D
_UART_Init                text2        002E72
_UART_Read                text21       00358E
__HRAM                    (abs)        000000
__Habs1                   abs1         000000
__Hbank0                  bank0        000000
__Hbank1                  bank1        000000
__Hbank10                 bank10       000000
__Hbank11                 bank11       000000
__Hbank12                 bank12       000000
__Hbank13                 bank13       000000
__Hbank14                 bank14       000000
__Hbank2                  bank2        000000
__Hbank3                  bank3        000000
__Hbank4                  bank4        000000
__Hbank5                  bank5        000000
__Hbank6                  bank6        000000
__Hbank7                  bank7        000000
__Hbank8                  bank8        000000
__Hbank9                  bank9        000000
__Hbigbss                 bigbss       000000
__Hbigdata                bigdata      000000
__Hbigram                 bigram       000000
__Hbss                    bss          000000
__HbssBANK0               bssBANK0     000000
__HbssCOMRAM              bssCOMRAM    000000
__Hcinit                  cinit        000000
__Hclrtext                clrtext      000000
__Hcomram                 comram       000000
__Hconfig                 config       30000C
__Hconst                  const        000000
__HcstackBANK0            cstackBANK0  000000
__HcstackCOMRAM           cstackCOMRAM 000000
__Hdata                   data         000000
__Heeprom_data            eeprom_data  000000
__Hfarbss                 farbss       000000
__Hfardata                fardata      000000
__Hibigdata               ibigdata     000000
__Hidata                  idata        000000
__Hidloc                  idloc        200100
__Hifardata               ifardata     000000
__Hinit                   init         000068
__Hintcode                intcode      000064
__Hintcode_body           intcode_body 000000
__Hintcodelo              intcodelo    000064
__Hintentry               intentry     000000
__Hintret                 intret       000000
__Hintsave_regs           intsave_regs 000000
__Hirdata                 irdata       000000
__Hmediumconst            mediumconst  000000
__HnvFARRAM               nvFARRAM     000000
__Hnvbit                  nvbit        000000
__Hnvrram                 nvrram       000000
__Hparam                  rparam       000000
__Hpowerup                powerup      000064
__Hram                    ram          000000
__Hramtop                 ramtop       000F00
__Hrbit                   rbit         000000
__Hrbss                   rbss         000000
__Hrdata                  rdata        000000
__Hreset_vec              reset_vec    000004
__Hrparam                 rparam       000000
__Hsfr                    sfr          000000
__Hsmallconst             smallconst   000F1E
__Hspace_0                (abs)        0035A4
__Hspace_1                (abs)        0000D1
__Hspace_2                (abs)        000000
__Hspace_4                (abs)        60000C
__Hstack                  stack        000000
__Hstruct                 struct       000000
__Htemp                   temp         00004C
__Htext                   text         000000
__Htext0                  text0        000000
__Htext1                  text1        000000
__Htext10                 text10       000000
__Htext11                 text11       000000
__Htext12                 text12       000000
__Htext13                 text13       000000
__Htext14                 text14       000000
__Htext15                 text15       000000
__Htext16                 text16       000000
__Htext17                 text17       000000
__Htext18                 text18       000000
__Htext19                 text19       000000
__Htext2                  text2        000000
__Htext21                 text21       000000
__Htext22                 text22       000000
__Htext23                 text23       000000
__Htext24                 text24       000000
__Htext25                 text25       000000
__Htext26                 text26       000000
__Htext27                 text27       000000
__Htext28                 text28       000000
__Htext29                 text29       000000
__Htext3                  text3        000000
__Htext30                 text30       000000
__Htext4                  text4        000000
__Htext5                  text5        000000
__Htext6                  text6        000000
__Htext7                  text7        000000
__Htext8                  text8        000000
__Htext9                  text9        000000
__LRAM                    (abs)        000001
__Labs1                   abs1         000000
__Lbank0                  bank0        000000
__Lbank1                  bank1        000000
__Lbank10                 bank10       000000
__Lbank11                 bank11       000000
__Lbank12                 bank12       000000
__Lbank13                 bank13       000000
__Lbank14                 bank14       000000
__Lbank2                  bank2        000000
__Lbank3                  bank3        000000
__Lbank4                  bank4        000000
__Lbank5                  bank5        000000
__Lbank6                  bank6        000000
__Lbank7                  bank7        000000
__Lbank8                  bank8        000000
__Lbank9                  bank9        000000
__Lbigbss                 bigbss       000000
__Lbigdata                bigdata      000000
__Lbigram                 bigram       000000
__Lbss                    bss          000000
__LbssBANK0               bssBANK0     000000
__LbssCOMRAM              bssCOMRAM    000000
__Lcinit                  cinit        000000
__Lclrtext                clrtext      000000
__Lcomram                 comram       000000
__Lconfig                 config       000000
__Lconst                  const        000000
__LcstackBANK0            cstackBANK0  000000
__LcstackCOMRAM           cstackCOMRAM 000000
__Ldata                   data         000000
__Leeprom_data            eeprom_data  000000
__Lfarbss                 farbss       000000
__Lfardata                fardata      000000
__Libigdata               ibigdata     000000
__Lidata                  idata        000000
__Lidloc                  idloc        000000
__Lifardata               ifardata     000000
__Linit                   init         000064
__Lintcode                intcode      000008
__Lintcode_body           intcode_body 000000
__Lintcodelo              intcodelo    000064
__Lintentry               intentry     000000
__Lintret                 intret       000000
__Lintsave_regs           intsave_regs 000000
__Lirdata                 irdata       000000
__Lmediumconst            mediumconst  000000
__LnvFARRAM               nvFARRAM     000000
__Lnvbit                  nvbit        000000
__Lnvrram                 nvrram       000000
__Lparam                  rparam       000000
__Lpowerup                powerup      000064
__Lram                    ram          000000
__Lramtop                 ramtop       000F00
__Lrbit                   rbit         000000
__Lrbss                   rbss         000000
__Lrdata                  rdata        000000
__Lreset_vec              reset_vec    000000
__Lrparam                 rparam       000000
__Lsfr                    sfr          000000
__Lsmallconst             smallconst   000F00
__Lspace_0                (abs)        000000
__Lspace_1                (abs)        000000
__Lspace_2                (abs)        000000
__Lspace_4                (abs)        000000
__Lstack                  stack        000000
__Lstruct                 struct       000000
__Ltemp                   temp         00004B
__Ltext                   text         000000
__Ltext0                  text0        000000
__Ltext1                  text1        000000
__Ltext10                 text10       000000
__Ltext11                 text11       000000
__Ltext12                 text12       000000
__Ltext13                 text13       000000
__Ltext14                 text14       000000
__Ltext15                 text15       000000
__Ltext16                 text16       000000
__Ltext17                 text17       000000
__Ltext18                 text18       000000
__Ltext19                 text19       000000
__Ltext2                  text2        000000
__Ltext21                 text21       000000
__Ltext22                 text22       000000
__Ltext23                 text23       000000
__Ltext24                 text24       000000
__Ltext25                 text25       000000
__Ltext26                 text26       000000
__Ltext27                 text27       000000
__Ltext28                 text28       000000
__Ltext29                 text29       000000
__Ltext3                  text3        000000
__Ltext30                 text30       000000
__Ltext4                  text4        000000
__Ltext5                  text5        000000
__Ltext6                  text6        000000
__Ltext7                  text7        000000
__Ltext8                  text8        000000
__Ltext9                  text9        000000
__S0                      (abs)        0035A4
__S1                      (abs)        0000D1
__S2                      (abs)        000000
__S4                      (abs)        000000
__S5                      (abs)        000000
___fladd                  text7        000F1E
___fladd@a                cstackBANK0  0000A4
___fladd@aexp             cstackBANK0  0000AD
___fladd@b                cstackBANK0  0000A0
___fladd@bexp             cstackBANK0  0000AE
___fladd@grs              cstackBANK0  0000AF
___fladd@signs            cstackBANK0  0000AC
___fldiv                  text6        00180C
___fldiv@a                cstackBANK0  00008B
___fldiv@aexp             cstackBANK0  00009F
___fldiv@b                cstackBANK0  000087
___fldiv@bexp             cstackBANK0  00009E
___fldiv@grs              cstackBANK0  00009A
___fldiv@new_exp          cstackBANK0  000098
___fldiv@rem              cstackBANK0  000093
___fldiv@sign             cstackBANK0  000097
___flge                   text8        002CBE
___flge@ff1               cstackBANK0  00006E
___flge@ff2               cstackBANK0  000072
___flmul                  text5        0013E0
___flmul@a                cstackBANK0  000072
___flmul@aexp             cstackBANK0  00007F
___flmul@b                cstackBANK0  00006E
___flmul@bexp             cstackBANK0  000080
___flmul@grs              cstackBANK0  00007B
___flmul@prod             cstackBANK0  000081
___flmul@sign             cstackBANK0  00007A
___flmul@temp             cstackBANK0  000085
___fltol                  text4        002BB6
___fltol@exp1             cstackBANK0  0000B9
___fltol@f1               cstackBANK0  0000B0
___fltol@sign1            cstackBANK0  0000B8
___inthi_sp               stack        000000
___intlo_sp               stack        000000
___lldiv                  text19       002FC6
___lldiv@counter          cstackBANK0  00006C
___lldiv@dividend         cstackBANK0  000060
___lldiv@divisor          cstackBANK0  000064
___lldiv@quotient         cstackBANK0  000068
___llmod                  text18       003110
___llmod@counter          cstackBANK0  000075
___llmod@dividend         cstackBANK0  00006D
___llmod@divisor          cstackBANK0  000071
___lmul                   text17       003374
___lmul@multiplicand      cstackBANK0  000064
___lmul@multiplier        cstackBANK0  000060
___lmul@product           cstackBANK0  000068
___param_bank             (abs)        000000
___rparam_used            (abs)        000001
___sp                     stack        000000
___xxtofl                 text3        0025D4
___xxtofl@arg             cstackBANK0  00006A
___xxtofl@exp             cstackBANK0  000069
___xxtofl@sign            cstackBANK0  000068
___xxtofl@val             cstackBANK0  000060
__accesstop               (abs)        000060
__activetblptr            (abs)        000003
__end_ofDGM_Effect@factor smallconst   000F1D
__end_of_Convert_data     text27       00214A
__end_of_DGM_Effect       text15       00291C
__end_of_Duty_Control     text13       002FC6
__end_of_IC595_Write      text12       003374
__end_of_NTC_Write        text11       001E96
__end_of_RTC_Read         text22       002BB6
__end_of_Set_PWM_Duty     text14       003298
__end_of_T0_int           text10       003534
__end_of_T0_int2          text9        0034E8
__end_of_UART_Init        text2        002F1C
__end_of_UART_Read        text21       0035A4
__end_of___fladd          text7        0013E0
__end_of___fldiv          text6        001BA8
__end_of___flge           text8        002DC4
__end_of___flmul          text5        00180C
__end_of___fltol          text4        002CBE
__end_of___lldiv          text19       00306C
__end_of___llmod          text18       00319A
__end_of___lmul           text17       0033E0
__end_of___xxtofl         text3        00278C
__end_of__initialization  cinit        003584
__end_of_atol             text24       0025D4
__end_of_init             text1        002E72
__end_of_isdigit          text26       00356C
__end_of_isr              intcode      000064
__end_of_isspace          text25       00349C
__end_of_main             text0        0023FC
__end_of_memset           text23       002A92
__end_of_rand             text16       003308
__end_ofi2___lldiv        text30       003110
__end_ofi2___llmod        text29       003222
__end_ofi2___lmul         text28       00344A
__initialization          cinit        00356C
__mediumconst             mediumconst  000000
__pbssBANK0               bssBANK0     0000BE
__pbssCOMRAM              bssCOMRAM    00003E
__pcinit                  cinit        00356C
__pcstackBANK0            cstackBANK0  000060
__pcstackCOMRAM           cstackCOMRAM 000001
__pintcode                intcode      000008
__psmallconst             smallconst   000F00
__ptext0                  text0        00214A
__ptext1                  text1        002DC4
__ptext10                 text10       0034E8
__ptext11                 text11       001BA8
__ptext12                 text12       003308
__ptext13                 text13       002F1C
__ptext14                 text14       003222
__ptext15                 text15       00278C
__ptext16                 text16       003298
__ptext17                 text17       003374
__ptext18                 text18       003110
__ptext19                 text19       002FC6
__ptext2                  text2        002E72
__ptext21                 text21       00358E
__ptext22                 text22       002A92
__ptext23                 text23       00291C
__ptext24                 text24       0023FC
__ptext25                 text25       00344A
__ptext26                 text26       003534
__ptext27                 text27       001E96
__ptext28                 text28       0033E0
__ptext29                 text29       00319A
__ptext3                  text3        0025D4
__ptext30                 text30       00306C
__ptext4                  text4        002BB6
__ptext5                  text5        0013E0
__ptext6                  text6        00180C
__ptext7                  text7        000F1E
__ptext8                  text8        002CBE
__ptext9                  text9        00349C
__ramtop                  ramtop       000F00
__size_of_Convert_data    (abs)        000000
__size_of_DGM_Effect      (abs)        000000
__size_of_Duty_Control    (abs)        000000
__size_of_IC595_Write     (abs)        000000
__size_of_NTC_Write       (abs)        000000
__size_of_RTC_Read        (abs)        000000
__size_of_Set_PWM_Duty    (abs)        000000
__size_of_T0_int          (abs)        000000
__size_of_T0_int2         (abs)        000000
__size_of_UART_Init       (abs)        000000
__size_of_UART_Read       (abs)        000000
__size_of___fladd         (abs)        000000
__size_of___fldiv         (abs)        000000
__size_of___flge          (abs)        000000
__size_of___flmul         (abs)        000000
__size_of___fltol         (abs)        000000
__size_of___lldiv         (abs)        000000
__size_of___llmod         (abs)        000000
__size_of___lmul          (abs)        000000
__size_of___xxtofl        (abs)        000000
__size_of_atol            (abs)        000000
__size_of_init            (abs)        000000
__size_of_isdigit         (abs)        000000
__size_of_isr             (abs)        000000
__size_of_isspace         (abs)        000000
__size_of_main            (abs)        000000
__size_of_memset          (abs)        000000
__size_of_rand            (abs)        000000
__size_ofi2___lldiv       (abs)        000000
__size_ofi2___llmod       (abs)        000000
__size_ofi2___lmul        (abs)        000000
__smallconst              smallconst   000F00
_atol                     text24       0023FC
_atol$783                 cstackCOMRAM 000018
_atol$784                 cstackCOMRAM 00001C
_atol$785                 cstackCOMRAM 00001A
_dgm_f                    bssBANK0     0000CC
_g_t0_f                   bssCOMRAM    000040
_g_time                   bssBANK0     0000BE
_init                     text1        002DC4
_isdigit                  text26       003534
_isr                      intcode      000008
_isspace                  text25       00344A
_isspace$801              cstackCOMRAM 000007
_main                     text0        00214A
_memset                   text23       00291C
_rand                     text16       003298
_seed                     bssBANK0     0000CD
atol@n                    cstackCOMRAM 00001D
atol@neg                  cstackCOMRAM 000016
atol@s                    cstackCOMRAM 00000D
btemp                     temp         00004B
end_of_initialization     cinit        003584
i2___lldiv                text30       00306C
i2___lldiv@counter        cstackCOMRAM 00000D
i2___lldiv@dividend       cstackCOMRAM 000001
i2___lldiv@divisor        cstackCOMRAM 000005
i2___lldiv@quotient       cstackCOMRAM 000009
i2___llmod                text29       00319A
i2___llmod@counter        cstackCOMRAM 000016
i2___llmod@dividend       cstackCOMRAM 00000E
i2___llmod@divisor        cstackCOMRAM 000012
i2___lmul                 text28       0033E0
i2___lmul@multiplicand    cstackCOMRAM 000005
i2___lmul@multiplier      cstackCOMRAM 000001
i2___lmul@product         cstackCOMRAM 000009
int$flags                 temp         00004B
intlevel0                 text         000000
intlevel1                 text         000000
intlevel2                 text         000000
intlevel3                 text         000000
isa$std                   (abs)        000001
isa$xinst                 (abs)        000000
isdigit@c                 cstackCOMRAM 000001
isspace@c                 cstackCOMRAM 000001
main@cnt                  cstackBANK0  0000BD
main@val                  cstackBANK0  0000BC
memset@c                  cstackCOMRAM 000003
memset@dest               cstackCOMRAM 000001
memset@k                  cstackCOMRAM 000009
memset@n                  cstackCOMRAM 000005
memset@s                  cstackCOMRAM 00000B
stackhi                   (abs)        000E1E
stacklo                   (abs)        0000D1
start                     init         000064
start_initialization      cinit        00356C
ttemp5                    temp         00004C
ttemp6                    temp         00004F
ttemp7                    temp         000053
wtemp8                    temp         00004C


MODULE INFORMATION

Module		Function		Class		Link	Load	Size
C:\Program Files\Microchip\xc8\v2.32\pic\sources\c99\common\memset.c
		_memset        		CODE           	291C	0000	374

C:\Program Files\Microchip\xc8\v2.32\pic\sources\c99\common\memset.c estimated size: 374

C:\Program Files\Microchip\xc8\v2.32\pic\sources\c99\common\isdigit.c
		_isdigit       		CODE           	3534	0000	56

C:\Program Files\Microchip\xc8\v2.32\pic\sources\c99\common\isdigit.c estimated size: 56

C:\Program Files\Microchip\xc8\v2.32\pic\sources\c99\common\sprcadd.c
		___fladd       		CODE           	0F1E	0000	1218

C:\Program Files\Microchip\xc8\v2.32\pic\sources\c99\common\sprcadd.c estimated size: 1218

C:\Program Files\Microchip\xc8\v2.32\pic\sources\c99\common\rand.c
		_rand          		CODE           	3298	0000	112

C:\Program Files\Microchip\xc8\v2.32\pic\sources\c99\common\rand.c estimated size: 112

library/UART/UART.c
		_UART_Read     		CODE           	358E	0000	22
		_UART_Init     		CODE           	2E72	0000	170

library/UART/UART.c estimated size: 192

C:\Program Files\Microchip\xc8\v2.32\pic\sources\c99\common\llmod.c
		___llmod       		CODE           	3110	0000	138

C:\Program Files\Microchip\xc8\v2.32\pic\sources\c99\common\llmod.c estimated size: 138

C:\Program Files\Microchip\xc8\v2.32\pic\sources\c99\common\isspace.c
		_isspace       		CODE           	344A	0000	82

C:\Program Files\Microchip\xc8\v2.32\pic\sources\c99\common\isspace.c estimated size: 82

shared
		i2___lldiv     		CODE           	306C	0000	164
		__initialization		CODE           	356C	0000	24
		i2___lmul      		CODE           	33E0	0000	106
		DGM_Effect@factor		SMALLCONST     	0F01	0000	28
		i2___llmod     		CODE           	319A	0000	136

shared estimated size: 458

C:\Program Files\Microchip\xc8\v2.32\pic\sources\c99\common\sprcmul.c
		___flmul       		CODE           	13E0	0000	1068

C:\Program Files\Microchip\xc8\v2.32\pic\sources\c99\common\sprcmul.c estimated size: 1068

C:\Program Files\Microchip\xc8\v2.32\pic\sources\c99\common\sprcdiv.c
		___fldiv       		CODE           	180C	0000	924

C:\Program Files\Microchip\xc8\v2.32\pic\sources\c99\common\sprcdiv.c estimated size: 924

C:\Program Files\Microchip\xc8\v2.32\pic\sources\c99\common\Umul32.c
		___lmul        		CODE           	3374	0000	108

C:\Program Files\Microchip\xc8\v2.32\pic\sources\c99\common\Umul32.c estimated size: 108

C:\Program Files\Microchip\xc8\v2.32\pic\sources\c99\common\fltol.c
		___fltol       		CODE           	2BB6	0000	264

C:\Program Files\Microchip\xc8\v2.32\pic\sources\c99\common\fltol.c estimated size: 264

C:\Program Files\Microchip\xc8\v2.32\pic\sources\c99\common\atol.c
		_atol          		CODE           	23FC	0000	472

C:\Program Files\Microchip\xc8\v2.32\pic\sources\c99\common\atol.c estimated size: 472

C:\Program Files\Microchip\xc8\v2.32\pic\sources\c99\common\xxtofl.c
		___xxtofl      		CODE           	25D4	0000	440

C:\Program Files\Microchip\xc8\v2.32\pic\sources\c99\common\xxtofl.c estimated size: 440

C:\Program Files\Microchip\xc8\v2.32\pic\sources\c99\common\__lldiv.c
		___lldiv       		CODE           	2FC6	0000	166

C:\Program Files\Microchip\xc8\v2.32\pic\sources\c99\common\__lldiv.c estimated size: 166

main.c
		_Set_PWM_Duty  		CODE           	3222	0000	118
		_init          		CODE           	2DC4	0000	174
		_IC595_Write   		CODE           	3308	0000	108
		_NTC_Write     		CODE           	1BA8	0000	750
		_main          		CODE           	214A	0000	690
		_T0_int2       		CODE           	349C	0000	76
		_RTC_Read      		CODE           	2A92	0000	292
		_Convert_data  		CODE           	1E96	0000	692
		_Duty_Control  		CODE           	2F1C	0000	170
		_isr           		CODE           	0008	0000	92
		_T0_int        		CODE           	34E8	0000	76
		_DGM_Effect    		CODE           	278C	0000	400

main.c estimated size: 3638

C:\Program Files\Microchip\xc8\v2.32\pic\sources\c99\common\flge.c
		___flge        		CODE           	2CBE	0000	262

C:\Program Files\Microchip\xc8\v2.32\pic\sources\c99\common\flge.c estimated size: 262

